[07:36:38]
Bus 001 Device 036: ID 20bc:5158 ShenZhen ShanWan Technology Co., Ltd. BTP-KP20D XINPUT WIRED

[07:36:40]
<无匹配设备>

[07:36:40]
Bus 001 Device 037: ID 057e:2069 Nintendo Co., Ltd BTP-KP20D NS WIRED

[07:36:42]
<无匹配设备>

[07:36:43]
Bus 001 Device 038: ID 057e:2009 Nintendo Co., Ltd Switch Pro Controller

[07:36:45]
<无匹配设备>

[07:36:46]
Bus 001 Device 039: ID 20bc:5158 ShenZhen ShanWan Technology Co., Ltd. BTP-KP20D XINPUT WIRED

[07:36:48]
<无匹配设备>

[07:36:49]
Bus 001 Device 040: ID 057e:2069 Nintendo Co., Ltd BTP-KP20D NS WIRED

[07:36:51]
<无匹配设备>

[07:36:51]
Bus 001 Device 041: ID 057e:2009 Nintendo Co., Ltd Switch Pro Controller

[07:36:54]
<无匹配设备>

[07:36:55]
Bus 001 Device 042: ID 20bc:5158 ShenZhen ShanWan Technology Co., Ltd. BTP-KP20D XINPUT WIRED

[07:36:57]
<无匹配设备>

[07:36:57]
Bus 001 Device 043: ID 057e:2069 Nintendo Co., Ltd BTP-KP20D NS WIRED

[07:36:59]
<无匹配设备>

[07:37:00]
Bus 001 Device 044: ID 057e:2009 Nintendo Co., Ltd Switch Pro Controller

